
> my-portfolio@1.0.0 build
> next build

  Ôľ▓ Next.js 14.2.3
  - Environments: .env

   Creating an optimized production build ...
 Ôťô Compiled successfully
   Linting and checking validity of types ...
node.exe : Failed to compile.
At line:1 char:1
+ & "C:\Program Files\nodejs/node
.exe" "C:\Program Files\nodejs/no
de_mo ...
+ ~~~~~~~~~~~~~~~~~~~~~~~~~~~~~~~
~~~~~~~~~~~~~~~~~~~~~~~~~~~~~~~~~
~~~~~
    + CategoryInfo          : No 
   tSpecified: (Failed to compi  
  le.:String) [], RemoteExcept   
 ion
    + FullyQualifiedErrorId : Na 
   tiveCommandError
 

./middleware.ts:5:24
Type error: Could not find a decl
aration file for module 'negotiat
or'. 'C:/Users/pc/Project_VIBE/my
_www/My_www/node_modules/negotiat
or/index.js' implicitly has an 'a
ny' type.
  Try `npm i --save-dev @types/ne
gotiator` if it exists or add a n
ew declaration (.d.ts) file conta
ining `declare module 'negotiator
';`

[0m [90m 3 |[39m [36mimport[
39m { i18n } [36mfrom[39m [32m
'./src/i18n-config'[39m[0m
[0m [90m 4 |[39m [36mimport[
39m { match [36mas[39m matchLoc
ale } [36mfrom[39m [32m'@forma
tjs/intl-localematcher'[39m[0m
[0m[31m[1m>[22m[39m[90m 5 |
[39m [36mimport[39m [33mNegot
iator[39m [36mfrom[39m [32m'n
egotiator'[39m[0m
[0m [90m   |[39m              
          [31m[1m^[22m[39m[0
m
[0m [90m 6 |[39m[0m
[0m [90m 7 |[39m [36mfunction
[39m getLocale(request[33m:[39
m [33mNextRequest[39m)[33m:[3
9m string [33m|[39m undefined {
[0m
[0m [90m 8 |[39m     [90m// N
egotiator expects plain object so
 we need to transform headers[39
m[0m
